// Jest Snapshot v1, https://goo.gl/fbAQLP

exports[`lmao 1`] = `<Image />`;
